// Jest Snapshot v1, https://goo.gl/fbAQLP

exports[`Search Should render withou crash 1`] = `ShallowWrapper {}`;
