// Jest Snapshot v1, https://goo.gl/fbAQLP

exports[`Logotype  Should render without crash 1`] = `ShallowWrapper {}`;
