// Jest Snapshot v1, https://goo.gl/fbAQLP

exports[`Breadcrumb should render withou crash 1`] = `ShallowWrapper {}`;
