// Jest Snapshot v1, https://goo.gl/fbAQLP

exports[`ProductsList should render without crash 1`] = `ShallowWrapper {}`;
