// Jest Snapshot v1, https://goo.gl/fbAQLP

exports[`Button should render without crash 1`] = `ShallowWrapper {}`;
