// Jest Snapshot v1, https://goo.gl/fbAQLP

exports[`Product Should render without crash 1`] = `ShallowWrapper {}`;
