// Jest Snapshot v1, https://goo.gl/fbAQLP

exports[`Header Should render withou crash 1`] = `ShallowWrapper {}`;
