// Jest Snapshot v1, https://goo.gl/fbAQLP

exports[`Input Should render without crash 1`] = `ShallowWrapper {}`;
